// Jest Snapshot v1, https://goo.gl/fbAQLP

exports[`it renders component unchanged 1`] = `
<div>
  <div
    class="h-dvh rounded-[30px] rounded-b-[50px] bg-border p-[10px] pb-[30px] md:rounded-[45px] md:rounded-b-[50px] md:p-[25px] md:pb-[50px]"
  >
    <div
      class="h-full w-full overflow-auto rounded-[20px] rounded-b-[20px] bg-innerBg md:rounded-b-[10px]"
    />
    <section
      class="z-50 mx-auto flex w-full items-center justify-center gap-0.5 pt-1 text-black opacity-70 md:pt-3.5"
    >
      <p
        class="line-clamp-1 overflow-auto text-sm"
      >
        ©️ 2024. Designed and Developed by Ralph Parin.
      </p>
      <a
        aria-label="External link to github source code"
        href="https://github.com/rparin/Hello-Dog/tree/SpringBoot"
        rel="noopener noreferrer"
        target="_blank"
      >
        <svg
          class="lucide lucide-external-link mb-2 h-[.7rem] w-auto"
          fill="none"
          height="24"
          stroke="currentColor"
          stroke-linecap="round"
          stroke-linejoin="round"
          stroke-width="2"
          viewBox="0 0 24 24"
          width="24"
          xmlns="http://www.w3.org/2000/svg"
        >
          <path
            d="M15 3h6v6"
          />
          <path
            d="M10 14 21 3"
          />
          <path
            d="M18 13v6a2 2 0 0 1-2 2H5a2 2 0 0 1-2-2V8a2 2 0 0 1 2-2h6"
          />
        </svg>
      </a>
    </section>
  </div>
</div>
`;
