// Jest Snapshot v1, https://goo.gl/fbAQLP

exports[`it renders component unchanged 1`] = `
<div>
  <img
    alt="Dog image from https://dog.ceo of type basenji"
    class="object-cover object-center"
    data-nimg="fill"
    decoding="async"
    fetchpriority="high"
    sizes="100vw"
    src="/_next/image?url=https%3A%2F%2Fimages.dog.ceo%2Fbreeds%2Fbasenji%2Fn02110806_3702.jpg&w=3840&q=75"
    srcset="/_next/image?url=https%3A%2F%2Fimages.dog.ceo%2Fbreeds%2Fbasenji%2Fn02110806_3702.jpg&w=640&q=75 640w, /_next/image?url=https%3A%2F%2Fimages.dog.ceo%2Fbreeds%2Fbasenji%2Fn02110806_3702.jpg&w=750&q=75 750w, /_next/image?url=https%3A%2F%2Fimages.dog.ceo%2Fbreeds%2Fbasenji%2Fn02110806_3702.jpg&w=828&q=75 828w, /_next/image?url=https%3A%2F%2Fimages.dog.ceo%2Fbreeds%2Fbasenji%2Fn02110806_3702.jpg&w=1080&q=75 1080w, /_next/image?url=https%3A%2F%2Fimages.dog.ceo%2Fbreeds%2Fbasenji%2Fn02110806_3702.jpg&w=1200&q=75 1200w, /_next/image?url=https%3A%2F%2Fimages.dog.ceo%2Fbreeds%2Fbasenji%2Fn02110806_3702.jpg&w=1920&q=75 1920w, /_next/image?url=https%3A%2F%2Fimages.dog.ceo%2Fbreeds%2Fbasenji%2Fn02110806_3702.jpg&w=2048&q=75 2048w, /_next/image?url=https%3A%2F%2Fimages.dog.ceo%2Fbreeds%2Fbasenji%2Fn02110806_3702.jpg&w=3840&q=75 3840w"
    style="position: absolute; height: 100%; width: 100%; left: 0px; top: 0px; right: 0px; bottom: 0px; color: transparent;"
  />
</div>
`;
